\BOOKMARK [0][-]{chapter*.2}{\376\377\004\022\004\062\004\065\004\064\004\065\004\075\004\070\004\065}{}% 1
\BOOKMARK [0][-]{chapter.1}{\376\377\004\042\004\065\004\076\004\100\004\065\004\102\004\070\004\107\004\065\004\101\004\072\004\070\004\065\000\040\004\076\004\101\004\075\004\076\004\062\004\113\000\040\004\076\004\074\004\075\004\070\004\072\004\060\004\075\004\060\004\073\004\114\004\075\004\113\004\105\000\040\004\100\004\065\004\110\004\065\004\075\004\070\004\071}{}% 2
\BOOKMARK [1][-]{section.1.1}{\376\377\004\037\004\076\004\075\004\117\004\102\004\070\004\065\000\040\004\076\004\074\004\075\004\070\004\072\004\060\004\075\004\060\004\073\004\114\004\075\004\076\004\101\004\102\004\070}{chapter.1}% 3
\BOOKMARK [1][-]{section.1.2}{\376\377\004\055\004\062\004\076\004\073\004\116\004\106\004\070\004\117\000\040\004\072\004\060\004\075\004\060\004\073\004\076\004\062\000\040\004\062\004\067\004\060\004\070\004\074\004\076\004\064\004\065\004\071\004\101\004\102\004\062\004\070\004\117\000\040\004\101\000\040\004\072\004\073\004\070\004\065\004\075\004\102\004\060\004\074\004\070}{chapter.1}% 4
\BOOKMARK [1][-]{section.1.3}{\376\377\004\032\004\073\004\116\004\107\004\065\004\062\004\113\004\065\000\040\004\072\004\076\004\074\004\077\004\076\004\075\004\065\004\075\004\102\004\113\000\040\004\076\004\074\004\075\004\070\004\072\004\060\004\075\004\060\004\073\004\114\004\075\004\076\004\071\000\040\004\060\004\100\004\105\004\070\004\102\004\065\004\072\004\102\004\103\004\100\004\113}{chapter.1}% 5
\BOOKMARK [1][-]{section.1.4}{\376\377\004\037\004\100\004\065\004\070\004\074\004\103\004\111\004\065\004\101\004\102\004\062\004\060\000\040\004\062\004\075\004\065\004\064\004\100\004\065\004\075\004\070\004\117\000\040\004\076\004\074\004\075\004\070\004\072\004\060\004\075\004\060\004\073\004\114\004\075\004\113\004\105\000\040\004\100\004\065\004\110\004\065\004\075\004\070\004\071}{chapter.1}% 6
\BOOKMARK [1][-]{section.1.5}{\376\377\004\042\004\065\004\105\004\075\004\076\004\073\004\076\004\063\004\070\004\107\004\065\004\101\004\072\004\070\004\065\000\040\004\060\004\101\004\077\004\065\004\072\004\102\004\113\000\040\004\100\004\065\004\060\004\073\004\070\004\067\004\060\004\106\004\070\004\070}{chapter.1}% 7
\BOOKMARK [1][-]{section.1.6}{\376\377\004\036\004\102\004\100\004\060\004\101\004\073\004\065\004\062\004\113\004\065\000\040\004\076\004\101\004\076\004\061\004\065\004\075\004\075\004\076\004\101\004\102\004\070\000\040\004\077\004\100\004\070\004\074\004\065\004\075\004\065\004\075\004\070\004\117}{chapter.1}% 8
\BOOKMARK [0][-]{chapter.2}{\376\377\004\020\004\100\004\105\004\070\004\102\004\065\004\072\004\102\004\103\004\100\004\060\000\040\004\077\004\100\004\076\004\063\004\100\004\060\004\074\004\074\004\075\004\076\004\063\004\076\000\040\004\072\004\076\004\074\004\077\004\073\004\065\004\072\004\101\004\060\000\040\004\076\004\074\004\075\004\070\004\072\004\060\004\075\004\060\004\073\004\114\004\075\004\076\004\063\004\076\000\040\004\100\004\065\004\110\004\065\004\075\004\070\004\117}{}% 9
\BOOKMARK [1][-]{section.2.1}{\376\377\004\036\004\061\004\111\004\060\004\117\000\040\004\060\004\100\004\105\004\070\004\102\004\065\004\072\004\102\004\103\004\100\004\060\000\040\004\101\004\070\004\101\004\102\004\065\004\074\004\113}{chapter.2}% 10
\BOOKMARK [1][-]{section.2.2}{\376\377\004\041\004\065\004\100\004\062\004\065\004\100\004\075\004\060\004\117\000\040\004\107\004\060\004\101\004\102\004\114\000\040\000\050\000B\000a\000c\000k\000e\000n\000d\000\051}{chapter.2}% 11
\BOOKMARK [2][-]{subsection.2.2.1}{\376\377\004\020\004\100\004\105\004\070\004\102\004\065\004\072\004\102\004\103\004\100\004\075\004\113\004\071\000\040\004\077\004\076\004\064\004\105\004\076\004\064}{section.2.2}% 12
\BOOKMARK [2][-]{subsection.2.2.2}{\376\377\004\041\004\105\004\065\004\074\004\060\000\040\004\101\004\073\004\076\004\121\004\062\000\040\004\061\004\115\004\072\004\065\004\075\004\064\004\060}{section.2.2}% 13
\BOOKMARK [2][-]{subsection.2.2.3}{\376\377\004\042\004\065\004\105\004\075\004\076\004\073\004\076\004\063\004\070\004\107\004\065\004\101\004\072\004\070\004\071\000\040\004\101\004\102\004\065\004\072\000\040\004\061\004\115\004\072\004\065\004\075\004\064\004\060}{section.2.2}% 14
\BOOKMARK [2][-]{subsection.2.2.4}{\376\377\000A\000P\000I\000-\004\115\004\075\004\064\004\077\004\076\004\070\004\075\004\102\004\113}{section.2.2}% 15
\BOOKMARK [1][-]{section.2.3}{\376\377\004\032\004\073\004\070\004\065\004\075\004\102\004\101\004\072\004\060\004\117\000\040\004\107\004\060\004\101\004\102\004\114\000\040\000\050\000F\000r\000o\000n\000t\000e\000n\000d\000\051}{chapter.2}% 16
\BOOKMARK [2][-]{subsection.2.3.1}{\376\377\004\041\004\102\004\100\004\103\004\072\004\102\004\103\004\100\004\060\000\040\004\077\004\076\004\073\004\114\004\067\004\076\004\062\004\060\004\102\004\065\004\073\004\114\004\101\004\072\004\076\004\063\004\076\000\040\004\070\004\075\004\102\004\065\004\100\004\104\004\065\004\071\004\101\004\060}{section.2.3}% 17
\BOOKMARK [2][-]{subsection.2.3.2}{\376\377\004\022\004\067\004\060\004\070\004\074\004\076\004\064\004\065\004\071\004\101\004\102\004\062\004\070\004\065\000\040\004\101\000\040\004\101\004\065\004\100\004\062\004\065\004\100\004\076\004\074}{section.2.3}% 18
\BOOKMARK [1][-]{section.2.4}{\376\377\004\041\004\105\004\065\004\074\004\060\000\040\004\061\004\060\004\067\004\113\000\040\004\064\004\060\004\075\004\075\004\113\004\105}{chapter.2}% 19
\BOOKMARK [1][-]{section.2.5}{\376\377\004\034\004\076\004\064\004\103\004\073\004\114\000\040\004\070\004\075\004\102\004\065\004\063\004\100\004\060\004\106\004\070\004\070\000\040\004\072\004\060\004\075\004\060\004\073\004\076\004\062\000\040\004\101\004\062\004\117\004\067\004\070}{chapter.2}% 20
\BOOKMARK [2][-]{subsection.2.5.1}{\376\377\004\034\004\076\004\064\004\103\004\073\004\114\000\040\000T\000e\000l\000e\000g\000r\000a\000m}{section.2.5}% 21
\BOOKMARK [2][-]{subsection.2.5.2}{\376\377\004\034\004\076\004\064\004\103\004\073\004\114\000\040\000E\000m\000a\000i\000l}{section.2.5}% 22
\BOOKMARK [2][-]{subsection.2.5.3}{\376\377\004\037\004\073\004\060\004\075\004\070\004\100\004\103\004\065\004\074\004\113\004\065\000\040\004\072\004\060\004\075\004\060\004\073\004\113}{section.2.5}% 23
\BOOKMARK [1][-]{section.2.6}{\376\377\004\022\004\067\004\060\004\070\004\074\004\076\004\064\004\065\004\071\004\101\004\102\004\062\004\070\004\065\000\040\004\072\004\076\004\074\004\077\004\076\004\075\004\065\004\075\004\102\004\076\004\062}{chapter.2}% 24
\BOOKMARK [2][-]{subsection.2.6.1}{\376\377\004\037\004\076\004\073\004\103\004\107\004\065\004\075\004\070\004\065\000\040\004\062\004\105\004\076\004\064\004\117\004\111\004\065\004\063\004\076\000\040\004\101\004\076\004\076\004\061\004\111\004\065\004\075\004\070\004\117}{section.2.6}% 25
\BOOKMARK [2][-]{subsection.2.6.2}{\376\377\004\036\004\102\004\077\004\100\004\060\004\062\004\072\004\060\000\040\004\076\004\102\004\062\004\065\004\102\004\060}{section.2.6}% 26
\BOOKMARK [2][-]{subsection.2.6.3}{\376\377\004\035\004\060\004\067\004\075\004\060\004\107\004\065\004\075\004\070\004\065\000\040\004\072\004\103\004\100\004\060\004\102\004\076\004\100\004\060}{section.2.6}% 27
\BOOKMARK [0][-]{chapter.3}{\376\377\004\040\004\065\004\060\004\073\004\070\004\067\004\060\004\106\004\070\004\117\000\040\004\077\004\100\004\076\004\063\004\100\004\060\004\074\004\074\004\075\004\076\004\063\004\076\000\040\004\072\004\076\004\074\004\077\004\073\004\065\004\072\004\101\004\060}{}% 28
\BOOKMARK [1][-]{section.3.1}{\376\377\004\024\004\076\004\074\004\065\004\075\004\075\004\060\004\117\000\040\004\074\004\076\004\064\004\065\004\073\004\114}{chapter.3}% 29
\BOOKMARK [1][-]{section.3.2}{\376\377\004\037\004\076\004\100\004\102\004\113\000\040\000\050\004\070\004\075\004\102\004\065\004\100\004\104\004\065\004\071\004\101\004\113\000\051}{chapter.3}% 30
\BOOKMARK [1][-]{section.3.3}{\376\377\004\021\004\070\004\067\004\075\004\065\004\101\000-\004\073\004\076\004\063\004\070\004\072\004\060}{chapter.3}% 31
\BOOKMARK [2][-]{subsection.3.3.1}{\376\377\004\041\004\065\004\100\004\062\004\070\004\101\000\040\004\101\004\076\004\076\004\061\004\111\004\065\004\075\004\070\004\071}{section.3.3}% 32
\BOOKMARK [2][-]{subsection.3.3.2}{\376\377\004\036\004\100\004\072\004\065\004\101\004\102\004\100\004\060\004\102\004\076\004\100\000\040\004\076\004\077\004\100\004\076\004\101\004\060\000\040\004\072\004\060\004\075\004\060\004\073\004\076\004\062}{section.3.3}% 33
\BOOKMARK [1][-]{section.3.4}{\376\377\004\020\004\064\004\060\004\077\004\102\004\065\004\100\004\113\000\040\004\072\004\060\004\075\004\060\004\073\004\076\004\062\000\040\004\101\004\062\004\117\004\067\004\070}{chapter.3}% 34
\BOOKMARK [2][-]{subsection.3.4.1}{\376\377\000T\000e\000l\000e\000g\000r\000a\000m}{section.3.4}% 35
\BOOKMARK [2][-]{subsection.3.4.2}{\376\377\000E\000m\000a\000i\000l}{section.3.4}% 36
\BOOKMARK [2][-]{subsection.3.4.3}{\376\377\004\044\004\060\004\061\004\100\004\070\004\072\004\060\000\040\004\064\004\062\004\070\004\066\004\072\004\076\004\062}{section.3.4}% 37
\BOOKMARK [1][-]{section.3.5}{\376\377\004\040\004\065\004\077\004\076\004\067\004\070\004\102\004\076\004\100\004\070\004\071\000\040\004\070\000\040\000O\000R\000M}{chapter.3}% 38
\BOOKMARK [1][-]{section.3.6}{\376\377\004\032\004\076\004\075\004\102\004\065\004\071\004\075\004\065\004\100\000\040\004\062\004\075\004\065\004\064\004\100\004\065\004\075\004\070\004\117\000\040\004\067\004\060\004\062\004\070\004\101\004\070\004\074\004\076\004\101\004\102\004\065\004\071}{chapter.3}% 39
\BOOKMARK [1][-]{section.3.7}{\376\377\004\032\004\076\004\075\004\104\004\070\004\063\004\103\004\100\004\060\004\106\004\070\004\117\000\040\004\070\000\040\004\100\004\060\004\067\004\062\004\121\004\100\004\102\004\113\004\062\004\060\004\075\004\070\004\065}{chapter.3}% 40
\BOOKMARK [1][-]{section.3.8}{\376\377\004\042\004\065\004\101\004\102\004\070\004\100\004\076\004\062\004\060\004\075\004\070\004\065}{chapter.3}% 41
\BOOKMARK [0][-]{chapter*.6}{\376\377\004\027\004\060\004\072\004\073\004\116\004\107\004\065\004\075\004\070\004\065}{}% 42
\BOOKMARK [0][-]{appendix*.7}{\376\377\004\037\004\100\004\070\004\073\004\076\004\066\004\065\004\075\004\070\004\065\000\040\004\020\000.\000\040\004\030\004\101\004\105\004\076\004\064\004\075\004\113\004\071\000\040\004\072\004\076\004\064\000\040\004\077\004\100\004\076\004\065\004\072\004\102\004\060}{}% 43
